GLIBC_2.4 {
  global:
    _LIB_VERSION; signgam;
    __clog10; __clog10f; __clog10l;
    __finite; __finitef; __finitel;
    __fpclassify; __fpclassifyf; __fpclassifyl;
    __signbit; __signbitf; __signbitl;
    acos; acosf; acosl;
    acosh; acoshf; acoshl;
    asin; asinf; asinl;
    asinh; asinhf; asinhl;
    atan2; atan2f; atan2l;
    atan; atanf; atanl;
    atanh; atanhf; atanhl;
    cabs; cabsf; cabsl;
    cacos; cacosf; cacosl;
    cacosh; cacoshf; cacoshl;
    carg; cargf; cargl;
    casin; casinf; casinl;
    casinh; casinhf; casinhl;
    catan; catanf; catanl;
    catanh; catanhf; catanhl;
    cbrt; cbrtf; cbrtl;
    ccos; ccosf; ccosl;
    ccosh; ccoshf; ccoshl;
    ceil; ceilf; ceill;
    cexp; cexpf; cexpl;
    cimag; cimagf; cimagl;
    clog10; clog10f; clog10l;
    clog; clogf; clogl;
    conj; conjf; conjl;
    copysign; copysignf; copysignl;
    cos; cosf; cosl;
    coshf; cosh; coshl;
    cpow; cpowf; cpowl;
    cproj; cprojf; cprojl;
    creal; crealf; creall;
    csin; csinf; csinl;
    csinh; csinhf; csinhl;
    csqrt; csqrtf; csqrtl;
    ctan; ctanf; ctanl;
    ctanh; ctanhf; ctanhl;
    drem; dremf; dreml;
    erf; erff; erfl;
    erfc; erfcf; erfcl;
    exp10; exp10f; exp10l;
    exp2; exp2f;
    exp2l;
    exp; expf; expl;
    expm1; expm1f; expm1l;
    fabs; fabsf; fabsl;
    fdim; fdimf; fdiml;
    feclearexcept; fegetenv; fegetexceptflag;
    feclearexcept; fegetenv; fegetexceptflag; feraiseexcept;
    feenableexcept; fedisableexcept; fegetexcept;
    fegetround; feholdexcept; feraiseexcept;
    fesetenv; fesetexceptflag; fesetround;
    fesetenv; fesetexceptflag; feupdateenv;
    fetestexcept; feupdateenv;
    finite; finitef; finitel;
    floor; floorf; floorl;
    fma; fmaf; fmal;
    fmax; fmaxf; fmaxl;
    fmin; fminf; fminl;
    fmod; fmodf; fmodl;
    frexp; frexpf; frexpl;
    gamma; gammaf; gammal;
    gamma_r; gammaf_r; gammal_r;
    hypot; hypotf; hypotl;
    ilogb; ilogbf; ilogbl;
    j0; j0f; j0l;
    j1; j1f; j1l;
    jn; jnf; jnl;
    ldexp; ldexpf; ldexpl;
    lgamma; lgammaf; lgammal;
    lgamma_r; lgammaf_r; lgammal_r;
    llrint; llrintf; llrintl;
    llround; llroundf; llroundl;
    log10; log10f; log10l;
    log1p; log1pf; log1pl;
    log2; log2f; log2l;
    log; logf; logl;
    logb; logbf; logbl;
    lrint; lrintf; lrintl;
    lround; lroundf; lroundl;
    matherr;
    modf; modff; modfl;
    nan; nanf; nanl;
    nearbyint; nearbyintf; nearbyintl;
    nextafter; nextafterf; nextafterl;
    nexttoward; nexttowardf; nexttowardl;
    pow10; pow10f; pow10l;
    pow; powf; powl;
    remainder; remainderf; remainderl;
    remquo; remquof; remquol;
    rint; rintf; rintl;
    round; roundf; roundl;
    scalb; scalbf; scalbl;
    scalbln; scalblnf; scalblnl;
    scalbn; scalbnf; scalbnl;
    significand; significandf; significandl;
    sin; sinf; sinl;
    sincos; sincosf; sincosl;
    sinh; sinhf; sinhl;
    sqrt; sqrtf; sqrtl;
    tan; tanf; tanl;
    tanh; tanhf; tanhl;
    tgamma; tgammaf; tgammal;
    trunc; truncf; truncl;
    y0; y0f; y0l;
    y1; y1f; y1l;
    yn; ynf; ynl;
  local:
    *;
};
GLIBC_2.15 {
  global:
    __acos_finite; __acosf_finite; __acosl_finite;
    __acosh_finite; __acoshf_finite; __acoshl_finite;
    __asin_finite; __asinf_finite; __asinl_finite;
    __atan2_finite; __atan2f_finite; __atan2l_finite;
    __atanh_finite; __atanhf_finite; __atanhl_finite;
    __cosh_finite; __coshf_finite; __coshl_finite;
    __exp10_finite; __exp10f_finite; __exp10l_finite;
    __exp2_finite; __exp2f_finite; __exp2l_finite;
    __exp_finite; __expf_finite; __expl_finite;
    __fmod_finite; __fmodf_finite; __fmodl_finite;
    __gamma_r_finite; __gammaf_r_finite; __gammal_r_finite;
    __hypot_finite; __hypotf_finite; __hypotl_finite;
    __j0_finite; __j0f_finite; __j0l_finite;
    __j1_finite; __j1f_finite; __j1l_finite;
    __jn_finite; __jnf_finite; __jnl_finite;
    __lgamma_r_finite; __lgammaf_r_finite; __lgammal_r_finite;
    __log10_finite; __log10f_finite; __log10l_finite;
    __log2_finite; __log2f_finite; __log2l_finite;
    __log_finite; __logf_finite; __logl_finite;
    __pow_finite; __powf_finite; __powl_finite;
    __remainder_finite; __remainderf_finite; __remainderl_finite;
    __scalb_finite; __scalbf_finite; __scalbl_finite;
    __sinh_finite; __sinhf_finite; __sinhl_finite;
    __sqrt_finite; __sqrtf_finite; __sqrtl_finite;
    __y0_finite; __y0f_finite; __y0l_finite;
    __y1_finite; __y1f_finite; __y1l_finite;
    __yn_finite; __ynf_finite; __ynl_finite;
} GLIBC_2.4;
GLIBC_2.18 {
  global:
    __issignaling; __issignalingf; __issignalingl;
} GLIBC_2.15;
