GLIBC_PRIVATE {
  global:
    _nss_nisplus_endaliasent; _nss_nisplus_endetherent; _nss_nisplus_endgrent;
    _nss_nisplus_endhostent; _nss_nisplus_endnetent; _nss_nisplus_endnetgrent;
    _nss_nisplus_endprotoent; _nss_nisplus_endpwent; _nss_nisplus_endrpcent;
    _nss_nisplus_endservent; _nss_nisplus_endspent;
    _nss_nisplus_getaliasbyname_r; _nss_nisplus_getaliasent_r;
    _nss_nisplus_getetherent_r; _nss_nisplus_getgrent_r;
    _nss_nisplus_getgrgid_r; _nss_nisplus_getgrnam_r;
    _nss_nisplus_gethostbyaddr_r; _nss_nisplus_gethostbyname2_r;
    _nss_nisplus_gethostbyname4_r;
    _nss_nisplus_gethostbyname_r; _nss_nisplus_gethostent_r;
    _nss_nisplus_gethostton_r; _nss_nisplus_getnetbyaddr_r;
    _nss_nisplus_getnetbyname_r; _nss_nisplus_getnetent_r;
    _nss_nisplus_getnetgrent_r; _nss_nisplus_getntohost_r;
    _nss_nisplus_getprotobyname_r; _nss_nisplus_getprotobynumber_r;
    _nss_nisplus_getprotoent_r; _nss_nisplus_getpublickey;
    _nss_nisplus_getpwent_r; _nss_nisplus_getpwnam_r; _nss_nisplus_getpwuid_r;
    _nss_nisplus_getrpcbyname_r; _nss_nisplus_getrpcbynumber_r;
    _nss_nisplus_getrpcent_r; _nss_nisplus_getsecretkey;
    _nss_nisplus_getservbyname_r; _nss_nisplus_getservbynumber_r;
    _nss_nisplus_getservent_r; _nss_nisplus_getspent_r;
    _nss_nisplus_getspnam_r; _nss_nisplus_netname2user;
    _nss_nisplus_setaliasent;
    _nss_nisplus_setetherent; _nss_nisplus_setgrent; _nss_nisplus_sethostent;
    _nss_nisplus_setnetent; _nss_nisplus_setnetgrent; _nss_nisplus_setprotoent;
    _nss_nisplus_setpwent; _nss_nisplus_setrpcent; _nss_nisplus_setservent;
    _nss_nisplus_setspent; _nss_nisplus_initgroups_dyn;
  local:
    *;
};
