GLIBC_PRIVATE {
  global:
    _nss_nis_endaliasent; _nss_nis_endetherent; _nss_nis_endgrent;
    _nss_nis_endhostent; _nss_nis_endnetent; _nss_nis_endnetgrent;
    _nss_nis_endprotoent; _nss_nis_endpwent; _nss_nis_endrpcent;
    _nss_nis_endservent; _nss_nis_endspent; _nss_nis_getaliasbyname_r;
    _nss_nis_getaliasent_r; _nss_nis_getetherent_r; _nss_nis_getgrent_r;
    _nss_nis_getgrgid_r; _nss_nis_getgrnam_r; _nss_nis_gethostbyaddr_r;
    _nss_nis_gethostbyname2_r; _nss_nis_gethostbyname_r; _nss_nis_gethostent_r;
    _nss_nis_gethostton_r; _nss_nis_getnetbyaddr_r; _nss_nis_getnetbyname_r;
    _nss_nis_getnetent_r; _nss_nis_getnetgrent_r; _nss_nis_getntohost_r;
    _nss_nis_getprotobyname_r; _nss_nis_getprotobynumber_r;
    _nss_nis_getprotoent_r; _nss_nis_getpublickey; _nss_nis_getpwent_r;
    _nss_nis_getpwnam_r; _nss_nis_getpwuid_r; _nss_nis_getrpcbyname_r;
    _nss_nis_getrpcbynumber_r; _nss_nis_getrpcent_r; _nss_nis_getsecretkey;
    _nss_nis_getservbyname_r; _nss_nis_getservbyport_r; _nss_nis_getservent_r;
    _nss_nis_getspent_r; _nss_nis_getspnam_r;
    _nss_nis_initgroups_dyn; _nss_nis_gethostbyname4_r;
    _nss_nis_netname2user; _nss_nis_setaliasent; _nss_nis_setetherent;
    _nss_nis_setgrent; _nss_nis_sethostent; _nss_nis_setnetent;
    _nss_nis_setnetgrent; _nss_nis_setprotoent; _nss_nis_setpwent;
    _nss_nis_setrpcent; _nss_nis_setservent; _nss_nis_setspent;
  local:
    *;
};
